// Jest Snapshot v1, https://goo.gl/fbAQLP

exports[`TextInput renders the input as expected 1`] = `
<div
  className=" TextInput"
>
  <label
    className="TextInput__label"
    htmlFor="name"
  >
    Name
  </label>
  <input
    className="TextInput__StyledInput-sc-1v53buj-0 TextInput__input"
    disabled={false}
    id="name"
    name="name"
    type="text"
    value="Bruno"
  />
</div>
`;
